#-----------------------------------------------------------
# Vivado v2015.2 (64-bit)
# SW Build 1266856 on Fri Jun 26 16:35:25 MDT 2015
# IP Build 1264090 on Wed Jun 24 14:22:01 MDT 2015
# Start of session at: Wed Sep 28 18:42:24 2016
# Process ID: 6148
# Log file: C:/Users/lenovo/Desktop/iyuge2/iyuge2_DONE/EleClock/vivado.log
# Journal file: C:/Users/lenovo/Desktop/iyuge2/iyuge2_DONE/EleClock\vivado.jou
#-----------------------------------------------------------
start_gui
open_project C:/Users/lenovo/Desktop/iyuge2/iyuge2_DONE/EleClock/project_yu1433.xpr
synth_design -rtl -name rtl_1
close_design
update_compile_order -fileset sources_1
launch_simulation
launch_simulation
launch_simulation
source Main_tb.tcl
set_property -name {xsim.simulate.runtime} -value {10000ns} -objects [current_fileset -simset]
close_sim
launch_simulation
source Main_tb.tcl
set_property -name {xsim.simulate.runtime} -value {1000ns} -objects [current_fileset -simset]
close_sim
launch_simulation
source Main_tb.tcl
close_sim
launch_simulation
source Main_tb.tcl
close_sim
launch_simulation
source Main_tb.tcl
close_sim
launch_simulation
source Main_tb.tcl
set_property -name {xsim.simulate.runtime} -value {1800ns} -objects [current_fileset -simset]
close_sim
launch_simulation
source Main_tb.tcl
close_sim
launch_simulation
source Main_tb.tcl
close_sim
launch_simulation
source Main_tb.tcl
close_sim
launch_simulation
source Main_tb.tcl
close_sim
launch_simulation
source Main_tb.tcl
close_sim
launch_simulation
source Main_tb.tcl
close_sim
launch_simulation
source Main_tb.tcl
close_sim
launch_simulation
source Main_tb.tcl
close_sim
